Ôû▓ Next.js 16.1.1 (Turbopack)
- Environments: .env.local

node.exe : ÔÜá The 
"middleware" file 
convention is 
deprecated. Please 
use "proxy" 
instead. Learn 
more: https://nextjs
.org/docs/messages/m
iddleware-to-proxy
En C:\Program Files\
nodejs\npx.ps1: 29 
Carácter: 3
+   & $NODE_EXE 
$NPX_CLI_JS $args
+   ~~~~~~~~~~~~~~~~
~~~~~~~~~~~~~
    + CategoryInfo  
            : NotS  
  pecified: (ÔÜá    
 The "middle...l    
eware-to-proxy:    
String) [], Rem    
oteException
    + FullyQualifie 
   dErrorId : Nati  
  veCommandError
 
  Creating an optimized production build ...
Error: Cannot apply 
unknown utility 
class `group`
    [2m[at 
onInvalidCandidate 
(F:\darian\3 
Documentos\VISUAL ST
UDIO\PROJECTS\TRABAJ
O\Atlas\coachbot\nod
e_modules\tailwindcs
s\dist\lib.js:21:151
1)][0m
    [2m[at Te 
(F:\darian\3 
Documentos\VISUAL ST
UDIO\PROJECTS\TRABAJ
O\Atlas\coachbot\nod
e_modules\tailwindcs
s\dist\lib.js:16:363
26)][0m
    [2m[at 
F:\darian\3 
Documentos\VISUAL ST
UDIO\PROJECTS\TRABAJ
O\Atlas\coachbot\nod
e_modules\tailwindcs
s\dist\lib.js:21:355
][0m
    [2m[at Rr 
(F:\darian\3 
Documentos\VISUAL ST
UDIO\PROJECTS\TRABAJ
O\Atlas\coachbot\nod
e_modules\tailwindcs
s\dist\lib.js:3:1718
)][0m
    [2m[at _ 
(F:\darian\3 
Documentos\VISUAL ST
UDIO\PROJECTS\TRABAJ
O\Atlas\coachbot\nod
e_modules\tailwindcs
s\dist\lib.js:3:1377
)][0m
    [2m[at $e 
(F:\darian\3 
Documentos\VISUAL ST
UDIO\PROJECTS\TRABAJ
O\Atlas\coachbot\nod
e_modules\tailwindcs
s\dist\lib.js:21:172
)][0m
    [2m[at un 
(F:\darian\3 
Documentos\VISUAL ST
UDIO\PROJECTS\TRABAJ
O\Atlas\coachbot\nod
e_modules\tailwindcs
s\dist\lib.js:38:294
)][0m
    [2m[at async 
cn (F:\darian\3 
Documentos\VISUAL ST
UDIO\PROJECTS\TRABAJ
O\Atlas\coachbot\nod
e_modules\tailwindcs
s\dist\lib.js:38:631
)][0m
    [2m[at async 
Xr (F:\darian\3 
Documentos\VISUAL ST
UDIO\PROJECTS\TRABAJ
O\Atlas\coachbot\nod
e_modules\@tailwindc
ss\node\dist\index.j
s:10:3417)][0m
    [2m[at async I 
(F:\darian\3 
Documentos\VISUAL ST
UDIO\PROJECTS\TRABAJ
O\Atlas\coachbot\nod
e_modules\@tailwindc
ss\postcss\dist\inde
x.js:10:3977)][0m

> Build error 
occurred
Error: Turbopack 
build failed with 1 
errors:
./app/globals.css
Error evaluating 
Node.js code
CssSyntaxError: 
tailwindcss: 
F:\darian\3 
Documentos\VISUAL ST
UDIO\PROJECTS\TRABAJ
O\Atlas\coachbot\app
\globals.css:1:1: 
Cannot apply 
unknown utility 
class `group`
    at Input.error (
node_modules/postcss
/lib/input.js:135:16
) [F:\darian\3 
Documentos\VISUAL ST
UDIO\PROJECTS\TRABAJ
O\Atlas\coachbot\.ne
xt\build\chunks\node
_modules_fe693df6._.
js:4651:22]
    at Root.error (n
ode_modules/postcss/
lib/node.js:146:32) 
[F:\darian\3 
Documentos\VISUAL ST
UDIO\PROJECTS\TRABAJ
O\Atlas\coachbot\.ne
xt\build\chunks\node
_modules_fe693df6._.
js:928:38]
    [at Object.Once 
(F:\darian\3 
Documentos\VISUAL ST
UDIO\PROJECTS\TRABAJ
O\Atlas\coachbot\nod
e_modules\@tailwindc
ss\postcss\dist\inde
x.js:10:6911)]
    at async 
LazyResult.runAsync 
(node_modules/postcs
s/lib/lazy-result.js
:293:11) 
[F:\darian\3 
Documentos\VISUAL ST
UDIO\PROJECTS\TRABAJ
O\Atlas\coachbot\.ne
xt\build\chunks\node
_modules_fe693df6._.
js:6206:21]
    at async 
transform (turbopack
:///[turbopack-node]
/transforms/postcss.
ts:70:34) 
[F:\darian\3 
Documentos\VISUAL ST
UDIO\PROJECTS\TRABAJ
O\Atlas\coachbot\.ne
xt\build\chunks\[roo
t-of-the-server]__51
225daf._.js:146:36]
    at async run (tu
rbopack:///[turbopac
k-node]/ipc/evaluate
.ts:92:23) 
[F:\darian\3 
Documentos\VISUAL ST
UDIO\PROJECTS\TRABAJ
O\Atlas\coachbot\.ne
xt\build\chunks\[roo
t-of-the-server]__97
4941ed._.js:443:31]

Import trace:
  Client Component 
Browser:
    
./app/globals.css 
[Client Component 
Browser]
    
./app/layout.tsx 
[Server Component]


    at async 
transform (turbopack
:///[turbopack-node]
/transforms/postcss.
ts:70:34) 
[F:\darian\3 
Documentos\VISUAL ST
UDIO\PROJECTS\TRABAJ
O\Atlas\coachbot\.ne
xt\build\chunks\[roo
t-of-the-server]__51
225daf._.js:146:36])
    at async run (tu
rbopack:///[turbopac
k-node]/ipc/evaluate
.ts:92:23) 
[F:\darian\3 
Documentos\VISUAL ST
UDIO\PROJECTS\TRABAJ
O\Atlas\coachbot\.ne
xt\build\chunks\[roo
t-of-the-server]__97
4941ed._.js:443:31])
